// Jest Snapshot v1, https://goo.gl/fbAQLP

exports[`PedometerGraph renders correctley 1`] = `
<View
  className="VictoryContainer"
  onMoveShouldSetResponder={[Function]}
  onMoveShouldSetResponderCapture={[Function]}
  onResponderEnd={[Function]}
  onResponderGrant={[Function]}
  onResponderMove={[Function]}
  onResponderReject={[Function]}
  onResponderRelease={[Function]}
  onResponderStart={[Function]}
  onResponderTerminate={[Function]}
  onResponderTerminationRequest={[Function]}
  onStartShouldSetResponder={[Function]}
  onStartShouldSetResponderCapture={[Function]}
  style={
    Object {
      "position": "relative",
    }
  }
  touchAction="box-none"
>
  <RNSVGSvgView
    align="xMidYMid"
    aria-labelledby="victory-container-1-title victory-container-1-desc"
    meetOrSlice={0}
    minX={0}
    minY={0}
    role="img"
    style={
      Array [
        Object {
          "backgroundColor": "transparent",
        },
        Object {
          "height": "100%",
          "width": "100%",
        },
        false,
        Object {
          "flex": 0,
          "height": 350,
          "width": 750,
        },
      ]
    }
    vbHeight={350}
    vbWidth={750}
  >
    <RNSVGGroup
      clipPath="victory-clip-2"
      clipRule={1}
      fill={
        Array [
          0,
          0,
          0,
          0,
          1,
        ]
      }
      fillOpacity={1}
      fillRule={1}
      font={Object {}}
      matrix={
        Array [
          1,
          0,
          0,
          1,
          0,
          0,
        ]
      }
      opacity={1}
      originX={0}
      originY={0}
      propList={Array []}
      rotation={0}
      scaleX={1}
      scaleY={1}
      skewX={0}
      skewY={0}
      stroke={null}
      strokeDasharray={null}
      strokeDashoffset={null}
      strokeLinecap={0}
      strokeLinejoin={0}
      strokeMiterlimit={4}
      strokeOpacity={1}
      strokeWidth="1"
      x={0}
      y={0}
    >
      <RNSVGDefs>
        <RNSVGClipPath
          name="victory-clip-2"
        >
          <RNSVGRect
            fill={
              Array [
                0,
                0,
                0,
                0,
                1,
              ]
            }
            fillOpacity={1}
            fillRule={1}
            height="250"
            matrix={
              Array [
                1,
                0,
                0,
                1,
                0,
                0,
              ]
            }
            opacity={1}
            originX={0}
            originY={0}
            propList={Array []}
            rotation={0}
            rx="0"
            ry="0"
            scaleX={1}
            scaleY={1}
            skewX={0}
            skewY={0}
            stroke={null}
            strokeDasharray={null}
            strokeDashoffset={null}
            strokeLinecap={0}
            strokeLinejoin={0}
            strokeMiterlimit={4}
            strokeOpacity={1}
            strokeWidth="1"
            width="0"
            x="50"
            y="50"
          />
        </RNSVGClipPath>
      </RNSVGDefs>
      <RNSVGPath
        d="M50,219.36274509803923L158.33333333333331,290.19607843137254"
        fill={
          Array [
            0,
            0,
            0,
            0,
            0,
          ]
        }
        fillOpacity={1}
        fillRule={1}
        matrix={
          Array [
            1,
            0,
            0,
            1,
            0,
            0,
          ]
        }
        opacity={1}
        originX={0}
        originY={0}
        propList={
          Array [
            "stroke",
            "strokeWidth",
            "fill",
          ]
        }
        rotation={0}
        scaleX={1}
        scaleY={1}
        skewX={0}
        skewY={0}
        stroke={
          Array [
            0,
            0.7686274509803922,
            0.22745098039215686,
            0.19215686274509805,
            1,
          ]
        }
        strokeDasharray={null}
        strokeDashoffset={null}
        strokeLinecap={0}
        strokeLinejoin={0}
        strokeMiterlimit={4}
        strokeOpacity={1}
        strokeWidth="2"
        x={0}
        y={0}
      />
    </RNSVGGroup>
    <RNSVGGroup
      fill={
        Array [
          0,
          0,
          0,
          0,
          1,
        ]
      }
      fillOpacity={1}
      fillRule={1}
      font={Object {}}
      matrix={
        Array [
          1,
          0,
          0,
          1,
          0,
          0,
        ]
      }
      opacity={1}
      originX={0}
      originY={0}
      propList={Array []}
      rotation={0}
      scaleX={1}
      scaleY={1}
      skewX={0}
      skewY={0}
      stroke={null}
      strokeDasharray={null}
      strokeDashoffset={null}
      strokeLinecap={0}
      strokeLinejoin={0}
      strokeMiterlimit={4}
      strokeOpacity={1}
      strokeWidth="1"
      x={0}
      y={0}
    >
      <RNSVGLine
        fill={
          Array [
            0,
            0,
            0,
            0,
            0,
          ]
        }
        fillOpacity={1}
        fillRule={1}
        matrix={
          Array [
            1,
            0,
            0,
            1,
            0,
            0,
          ]
        }
        opacity={1}
        originX={0}
        originY={0}
        propList={
          Array [
            "stroke",
            "strokeWidth",
            "strokeLinecap",
            "strokeLinejoin",
            "fill",
          ]
        }
        rotation={0}
        scaleX={1}
        scaleY={1}
        skewX={0}
        skewY={0}
        stroke={
          Array [
            0,
            0.5647058823529412,
            0.6431372549019608,
            0.6823529411764706,
            1,
          ]
        }
        strokeDasharray={null}
        strokeDashoffset={null}
        strokeLinecap={1}
        strokeLinejoin={1}
        strokeMiterlimit={4}
        strokeOpacity={1}
        strokeWidth="2"
        x={0}
        x1="50"
        x2="700"
        y={0}
        y1="300"
        y2="300"
      />
      <RNSVGGroup
        fill={
          Array [
            0,
            0,
            0,
            0,
            1,
          ]
        }
        fillOpacity={1}
        fillRule={1}
        font={Object {}}
        matrix={
          Array [
            1,
            0,
            0,
            1,
            0,
            0,
          ]
        }
        opacity={1}
        originX={0}
        originY={0}
        propList={Array []}
        rotation={0}
        scaleX={1}
        scaleY={1}
        skewX={0}
        skewY={0}
        stroke={null}
        strokeDasharray={null}
        strokeDashoffset={null}
        strokeLinecap={0}
        strokeLinejoin={0}
        strokeMiterlimit={4}
        strokeOpacity={1}
        strokeWidth="1"
        x={0}
        y={0}
      >
        <RNSVGLine
          fill={null}
          fillOpacity={1}
          fillRule={1}
          matrix={
            Array [
              1,
              0,
              0,
              1,
              0,
              0,
            ]
          }
          opacity={1}
          originX={0}
          originY={0}
          propList={
            Array [
              "stroke",
              "strokeDasharray",
              "strokeLinecap",
              "strokeLinejoin",
              "fill",
            ]
          }
          rotation={0}
          scaleX={1}
          scaleY={1}
          skewX={0}
          skewY={0}
          stroke={
            Array [
              0,
              0.9254901960784314,
              0.9372549019607843,
              0.9450980392156862,
              1,
            ]
          }
          strokeDasharray={
            Array [
              "10",
              "5",
            ]
          }
          strokeDashoffset={0}
          strokeLinecap={1}
          strokeLinejoin={1}
          strokeMiterlimit={4}
          strokeOpacity={1}
          strokeWidth="1"
          x={0}
          x1="50"
          x2="50"
          y={0}
          y1="300"
          y2="50"
        />
        <RNSVGLine
          fill={
            Array [
              0,
              0,
              0,
              0,
              0,
            ]
          }
          fillOpacity={1}
          fillRule={1}
          matrix={
            Array [
              1,
              0,
              0,
              1,
              0,
              0,
            ]
          }
          opacity={1}
          originX={0}
          originY={0}
          propList={
            Array [
              "stroke",
              "strokeWidth",
              "strokeLinecap",
              "strokeLinejoin",
              "fill",
            ]
          }
          rotation={0}
          scaleX={1}
          scaleY={1}
          skewX={0}
          skewY={0}
          stroke={
            Array [
              0,
              0.5647058823529412,
              0.6431372549019608,
              0.6823529411764706,
              1,
            ]
          }
          strokeDasharray={null}
          strokeDashoffset={null}
          strokeLinecap={1}
          strokeLinejoin={1}
          strokeMiterlimit={4}
          strokeOpacity={1}
          strokeWidth="1"
          x={0}
          x1="50"
          x2="50"
          y={0}
          y1="300"
          y2="305"
        />
        <RNSVGText
          content={null}
          deltaX={
            Array [
              "0",
            ]
          }
          deltaY={
            Array [
              "10.26",
            ]
          }
          fill={
            Array [
              0,
              0,
              0,
              0,
              1,
            ]
          }
          fillOpacity={1}
          fillRule={1}
          font={Object {}}
          matrix={
            Array [
              1,
              0,
              0,
              1,
              0,
              0,
            ]
          }
          opacity={1}
          originX={0}
          originY={0}
          positionX={
            Array [
              "50",
            ]
          }
          positionY={
            Array [
              "313",
            ]
          }
          propList={Array []}
          rotate={Array []}
          rotation={0}
          scaleX={1}
          scaleY={1}
          skewX={0}
          skewY={0}
          stroke={null}
          strokeDasharray={null}
          strokeDashoffset={null}
          strokeLinecap={0}
          strokeLinejoin={0}
          strokeMiterlimit={4}
          strokeOpacity={1}
          strokeWidth="1"
          x={0}
          y={0}
        >
          <RNSVGTSpan
            content="Sun"
            deltaX={
              Array [
                "0",
              ]
            }
            deltaY={Array []}
            fill={
              Array [
                0,
                0.27058823529411763,
                0.35294117647058826,
                0.39215686274509803,
                1,
              ]
            }
            fillOpacity={1}
            fillRule={1}
            font={
              Object {
                "fontFamily": "Roboto",
                "fontSize": "12",
                "letterSpacing": "normal",
                "textAnchor": "middle",
              }
            }
            matrix={
              Array [
                1,
                0,
                0,
                1,
                0,
                0,
              ]
            }
            opacity={1}
            originX={0}
            originY={0}
            positionX={
              Array [
                "50",
              ]
            }
            positionY={Array []}
            propList={
              Array [
                "fill",
              ]
            }
            rotate={Array []}
            rotation={0}
            scaleX={1}
            scaleY={1}
            skewX={0}
            skewY={0}
            stroke={null}
            strokeDasharray={null}
            strokeDashoffset={null}
            strokeLinecap={0}
            strokeLinejoin={0}
            strokeMiterlimit={4}
            strokeOpacity={1}
            strokeWidth="1"
            x={0}
            y={0}
          />
        </RNSVGText>
      </RNSVGGroup>
      <RNSVGGroup
        fill={
          Array [
            0,
            0,
            0,
            0,
            1,
          ]
        }
        fillOpacity={1}
        fillRule={1}
        font={Object {}}
        matrix={
          Array [
            1,
            0,
            0,
            1,
            0,
            0,
          ]
        }
        opacity={1}
        originX={0}
        originY={0}
        propList={Array []}
        rotation={0}
        scaleX={1}
        scaleY={1}
        skewX={0}
        skewY={0}
        stroke={null}
        strokeDasharray={null}
        strokeDashoffset={null}
        strokeLinecap={0}
        strokeLinejoin={0}
        strokeMiterlimit={4}
        strokeOpacity={1}
        strokeWidth="1"
        x={0}
        y={0}
      >
        <RNSVGLine
          fill={null}
          fillOpacity={1}
          fillRule={1}
          matrix={
            Array [
              1,
              0,
              0,
              1,
              0,
              0,
            ]
          }
          opacity={1}
          originX={0}
          originY={0}
          propList={
            Array [
              "stroke",
              "strokeDasharray",
              "strokeLinecap",
              "strokeLinejoin",
              "fill",
            ]
          }
          rotation={0}
          scaleX={1}
          scaleY={1}
          skewX={0}
          skewY={0}
          stroke={
            Array [
              0,
              0.9254901960784314,
              0.9372549019607843,
              0.9450980392156862,
              1,
            ]
          }
          strokeDasharray={
            Array [
              "10",
              "5",
            ]
          }
          strokeDashoffset={0}
          strokeLinecap={1}
          strokeLinejoin={1}
          strokeMiterlimit={4}
          strokeOpacity={1}
          strokeWidth="1"
          x={0}
          x1="158.33333333333331"
          x2="158.33333333333331"
          y={0}
          y1="300"
          y2="50"
        />
        <RNSVGLine
          fill={
            Array [
              0,
              0,
              0,
              0,
              0,
            ]
          }
          fillOpacity={1}
          fillRule={1}
          matrix={
            Array [
              1,
              0,
              0,
              1,
              0,
              0,
            ]
          }
          opacity={1}
          originX={0}
          originY={0}
          propList={
            Array [
              "stroke",
              "strokeWidth",
              "strokeLinecap",
              "strokeLinejoin",
              "fill",
            ]
          }
          rotation={0}
          scaleX={1}
          scaleY={1}
          skewX={0}
          skewY={0}
          stroke={
            Array [
              0,
              0.5647058823529412,
              0.6431372549019608,
              0.6823529411764706,
              1,
            ]
          }
          strokeDasharray={null}
          strokeDashoffset={null}
          strokeLinecap={1}
          strokeLinejoin={1}
          strokeMiterlimit={4}
          strokeOpacity={1}
          strokeWidth="1"
          x={0}
          x1="158.33333333333331"
          x2="158.33333333333331"
          y={0}
          y1="300"
          y2="305"
        />
        <RNSVGText
          content={null}
          deltaX={
            Array [
              "0",
            ]
          }
          deltaY={
            Array [
              "10.26",
            ]
          }
          fill={
            Array [
              0,
              0,
              0,
              0,
              1,
            ]
          }
          fillOpacity={1}
          fillRule={1}
          font={Object {}}
          matrix={
            Array [
              1,
              0,
              0,
              1,
              0,
              0,
            ]
          }
          opacity={1}
          originX={0}
          originY={0}
          positionX={
            Array [
              "158.33333333333331",
            ]
          }
          positionY={
            Array [
              "313",
            ]
          }
          propList={Array []}
          rotate={Array []}
          rotation={0}
          scaleX={1}
          scaleY={1}
          skewX={0}
          skewY={0}
          stroke={null}
          strokeDasharray={null}
          strokeDashoffset={null}
          strokeLinecap={0}
          strokeLinejoin={0}
          strokeMiterlimit={4}
          strokeOpacity={1}
          strokeWidth="1"
          x={0}
          y={0}
        >
          <RNSVGTSpan
            content="Mon"
            deltaX={
              Array [
                "0",
              ]
            }
            deltaY={Array []}
            fill={
              Array [
                0,
                0.27058823529411763,
                0.35294117647058826,
                0.39215686274509803,
                1,
              ]
            }
            fillOpacity={1}
            fillRule={1}
            font={
              Object {
                "fontFamily": "Roboto",
                "fontSize": "12",
                "letterSpacing": "normal",
                "textAnchor": "middle",
              }
            }
            matrix={
              Array [
                1,
                0,
                0,
                1,
                0,
                0,
              ]
            }
            opacity={1}
            originX={0}
            originY={0}
            positionX={
              Array [
                "158.33333333333331",
              ]
            }
            positionY={Array []}
            propList={
              Array [
                "fill",
              ]
            }
            rotate={Array []}
            rotation={0}
            scaleX={1}
            scaleY={1}
            skewX={0}
            skewY={0}
            stroke={null}
            strokeDasharray={null}
            strokeDashoffset={null}
            strokeLinecap={0}
            strokeLinejoin={0}
            strokeMiterlimit={4}
            strokeOpacity={1}
            strokeWidth="1"
            x={0}
            y={0}
          />
        </RNSVGText>
      </RNSVGGroup>
    </RNSVGGroup>
    <RNSVGGroup
      fill={
        Array [
          0,
          0,
          0,
          0,
          1,
        ]
      }
      fillOpacity={1}
      fillRule={1}
      font={Object {}}
      matrix={
        Array [
          1,
          0,
          0,
          1,
          0,
          0,
        ]
      }
      opacity={1}
      originX={0}
      originY={0}
      propList={Array []}
      rotation={0}
      scaleX={1}
      scaleY={1}
      skewX={0}
      skewY={0}
      stroke={null}
      strokeDasharray={null}
      strokeDashoffset={null}
      strokeLinecap={0}
      strokeLinejoin={0}
      strokeMiterlimit={4}
      strokeOpacity={1}
      strokeWidth="1"
      x={0}
      y={0}
    >
      <RNSVGLine
        fill={
          Array [
            0,
            0,
            0,
            0,
            0,
          ]
        }
        fillOpacity={1}
        fillRule={1}
        matrix={
          Array [
            1,
            0,
            0,
            1,
            0,
            0,
          ]
        }
        opacity={1}
        originX={0}
        originY={0}
        propList={
          Array [
            "stroke",
            "strokeWidth",
            "strokeLinecap",
            "strokeLinejoin",
            "fill",
          ]
        }
        rotation={0}
        scaleX={1}
        scaleY={1}
        skewX={0}
        skewY={0}
        stroke={
          Array [
            0,
            0.5647058823529412,
            0.6431372549019608,
            0.6823529411764706,
            1,
          ]
        }
        strokeDasharray={null}
        strokeDashoffset={null}
        strokeLinecap={1}
        strokeLinejoin={1}
        strokeMiterlimit={4}
        strokeOpacity={1}
        strokeWidth="2"
        x={0}
        x1="50"
        x2="50"
        y={0}
        y1="50"
        y2="300"
      />
      <RNSVGGroup
        fill={
          Array [
            0,
            0,
            0,
            0,
            1,
          ]
        }
        fillOpacity={1}
        fillRule={1}
        font={Object {}}
        matrix={
          Array [
            1,
            0,
            0,
            1,
            0,
            0,
          ]
        }
        opacity={1}
        originX={0}
        originY={0}
        propList={Array []}
        rotation={0}
        scaleX={1}
        scaleY={1}
        skewX={0}
        skewY={0}
        stroke={null}
        strokeDasharray={null}
        strokeDashoffset={null}
        strokeLinecap={0}
        strokeLinejoin={0}
        strokeMiterlimit={4}
        strokeOpacity={1}
        strokeWidth="1"
        x={0}
        y={0}
      >
        <RNSVGLine
          fill={null}
          fillOpacity={1}
          fillRule={1}
          matrix={
            Array [
              1,
              0,
              0,
              1,
              0,
              0,
            ]
          }
          opacity={1}
          originX={0}
          originY={0}
          propList={
            Array [
              "stroke",
              "strokeDasharray",
              "strokeLinecap",
              "strokeLinejoin",
              "fill",
            ]
          }
          rotation={0}
          scaleX={1}
          scaleY={1}
          skewX={0}
          skewY={0}
          stroke={
            Array [
              0,
              0.9254901960784314,
              0.9372549019607843,
              0.9450980392156862,
              1,
            ]
          }
          strokeDasharray={
            Array [
              "10",
              "5",
            ]
          }
          strokeDashoffset={0}
          strokeLinecap={1}
          strokeLinejoin={1}
          strokeMiterlimit={4}
          strokeOpacity={1}
          strokeWidth="1"
          x={0}
          x1="50"
          x2="700"
          y={0}
          y1="295.0980392156863"
          y2="295.0980392156863"
        />
        <RNSVGLine
          fill={
            Array [
              0,
              0,
              0,
              0,
              0,
            ]
          }
          fillOpacity={1}
          fillRule={1}
          matrix={
            Array [
              1,
              0,
              0,
              1,
              0,
              0,
            ]
          }
          opacity={1}
          originX={0}
          originY={0}
          propList={
            Array [
              "stroke",
              "strokeWidth",
              "strokeLinecap",
              "strokeLinejoin",
              "fill",
            ]
          }
          rotation={0}
          scaleX={1}
          scaleY={1}
          skewX={0}
          skewY={0}
          stroke={
            Array [
              0,
              0.5647058823529412,
              0.6431372549019608,
              0.6823529411764706,
              1,
            ]
          }
          strokeDasharray={null}
          strokeDashoffset={null}
          strokeLinecap={1}
          strokeLinejoin={1}
          strokeMiterlimit={4}
          strokeOpacity={1}
          strokeWidth="1"
          x={0}
          x1="50"
          x2="45"
          y={0}
          y1="295.0980392156863"
          y2="295.0980392156863"
        />
        <RNSVGText
          content={null}
          deltaX={
            Array [
              "0",
            ]
          }
          deltaY={
            Array [
              "4.26",
            ]
          }
          fill={
            Array [
              0,
              0,
              0,
              0,
              1,
            ]
          }
          fillOpacity={1}
          fillRule={1}
          font={Object {}}
          matrix={
            Array [
              1,
              0,
              0,
              1,
              0,
              0,
            ]
          }
          opacity={1}
          originX={0}
          originY={0}
          positionX={
            Array [
              "37",
            ]
          }
          positionY={
            Array [
              "295.0980392156863",
            ]
          }
          propList={Array []}
          rotate={Array []}
          rotation={0}
          scaleX={1}
          scaleY={1}
          skewX={0}
          skewY={0}
          stroke={null}
          strokeDasharray={null}
          strokeDashoffset={null}
          strokeLinecap={0}
          strokeLinejoin={0}
          strokeMiterlimit={4}
          strokeOpacity={1}
          strokeWidth="1"
          x={0}
          y={0}
        >
          <RNSVGTSpan
            content="1,000"
            deltaX={
              Array [
                "0",
              ]
            }
            deltaY={Array []}
            fill={
              Array [
                0,
                0.27058823529411763,
                0.35294117647058826,
                0.39215686274509803,
                1,
              ]
            }
            fillOpacity={1}
            fillRule={1}
            font={
              Object {
                "fontFamily": "Roboto",
                "fontSize": "12",
                "letterSpacing": "normal",
                "textAnchor": "end",
              }
            }
            matrix={
              Array [
                1,
                0,
                0,
                1,
                0,
                0,
              ]
            }
            opacity={1}
            originX={0}
            originY={0}
            positionX={
              Array [
                "37",
              ]
            }
            positionY={Array []}
            propList={
              Array [
                "fill",
              ]
            }
            rotate={Array []}
            rotation={0}
            scaleX={1}
            scaleY={1}
            skewX={0}
            skewY={0}
            stroke={null}
            strokeDasharray={null}
            strokeDashoffset={null}
            strokeLinecap={0}
            strokeLinejoin={0}
            strokeMiterlimit={4}
            strokeOpacity={1}
            strokeWidth="1"
            x={0}
            y={0}
          />
        </RNSVGText>
      </RNSVGGroup>
      <RNSVGGroup
        fill={
          Array [
            0,
            0,
            0,
            0,
            1,
          ]
        }
        fillOpacity={1}
        fillRule={1}
        font={Object {}}
        matrix={
          Array [
            1,
            0,
            0,
            1,
            0,
            0,
          ]
        }
        opacity={1}
        originX={0}
        originY={0}
        propList={Array []}
        rotation={0}
        scaleX={1}
        scaleY={1}
        skewX={0}
        skewY={0}
        stroke={null}
        strokeDasharray={null}
        strokeDashoffset={null}
        strokeLinecap={0}
        strokeLinejoin={0}
        strokeMiterlimit={4}
        strokeOpacity={1}
        strokeWidth="1"
        x={0}
        y={0}
      >
        <RNSVGLine
          fill={null}
          fillOpacity={1}
          fillRule={1}
          matrix={
            Array [
              1,
              0,
              0,
              1,
              0,
              0,
            ]
          }
          opacity={1}
          originX={0}
          originY={0}
          propList={
            Array [
              "stroke",
              "strokeDasharray",
              "strokeLinecap",
              "strokeLinejoin",
              "fill",
            ]
          }
          rotation={0}
          scaleX={1}
          scaleY={1}
          skewX={0}
          skewY={0}
          stroke={
            Array [
              0,
              0.9254901960784314,
              0.9372549019607843,
              0.9450980392156862,
              1,
            ]
          }
          strokeDasharray={
            Array [
              "10",
              "5",
            ]
          }
          strokeDashoffset={0}
          strokeLinecap={1}
          strokeLinejoin={1}
          strokeMiterlimit={4}
          strokeOpacity={1}
          strokeWidth="1"
          x={0}
          x1="50"
          x2="700"
          y={0}
          y1="246.078431372549"
          y2="246.078431372549"
        />
        <RNSVGLine
          fill={
            Array [
              0,
              0,
              0,
              0,
              0,
            ]
          }
          fillOpacity={1}
          fillRule={1}
          matrix={
            Array [
              1,
              0,
              0,
              1,
              0,
              0,
            ]
          }
          opacity={1}
          originX={0}
          originY={0}
          propList={
            Array [
              "stroke",
              "strokeWidth",
              "strokeLinecap",
              "strokeLinejoin",
              "fill",
            ]
          }
          rotation={0}
          scaleX={1}
          scaleY={1}
          skewX={0}
          skewY={0}
          stroke={
            Array [
              0,
              0.5647058823529412,
              0.6431372549019608,
              0.6823529411764706,
              1,
            ]
          }
          strokeDasharray={null}
          strokeDashoffset={null}
          strokeLinecap={1}
          strokeLinejoin={1}
          strokeMiterlimit={4}
          strokeOpacity={1}
          strokeWidth="1"
          x={0}
          x1="50"
          x2="45"
          y={0}
          y1="246.078431372549"
          y2="246.078431372549"
        />
        <RNSVGText
          content={null}
          deltaX={
            Array [
              "0",
            ]
          }
          deltaY={
            Array [
              "4.26",
            ]
          }
          fill={
            Array [
              0,
              0,
              0,
              0,
              1,
            ]
          }
          fillOpacity={1}
          fillRule={1}
          font={Object {}}
          matrix={
            Array [
              1,
              0,
              0,
              1,
              0,
              0,
            ]
          }
          opacity={1}
          originX={0}
          originY={0}
          positionX={
            Array [
              "37",
            ]
          }
          positionY={
            Array [
              "246.078431372549",
            ]
          }
          propList={Array []}
          rotate={Array []}
          rotation={0}
          scaleX={1}
          scaleY={1}
          skewX={0}
          skewY={0}
          stroke={null}
          strokeDasharray={null}
          strokeDashoffset={null}
          strokeLinecap={0}
          strokeLinejoin={0}
          strokeMiterlimit={4}
          strokeOpacity={1}
          strokeWidth="1"
          x={0}
          y={0}
        >
          <RNSVGTSpan
            content="2,000"
            deltaX={
              Array [
                "0",
              ]
            }
            deltaY={Array []}
            fill={
              Array [
                0,
                0.27058823529411763,
                0.35294117647058826,
                0.39215686274509803,
                1,
              ]
            }
            fillOpacity={1}
            fillRule={1}
            font={
              Object {
                "fontFamily": "Roboto",
                "fontSize": "12",
                "letterSpacing": "normal",
                "textAnchor": "end",
              }
            }
            matrix={
              Array [
                1,
                0,
                0,
                1,
                0,
                0,
              ]
            }
            opacity={1}
            originX={0}
            originY={0}
            positionX={
              Array [
                "37",
              ]
            }
            positionY={Array []}
            propList={
              Array [
                "fill",
              ]
            }
            rotate={Array []}
            rotation={0}
            scaleX={1}
            scaleY={1}
            skewX={0}
            skewY={0}
            stroke={null}
            strokeDasharray={null}
            strokeDashoffset={null}
            strokeLinecap={0}
            strokeLinejoin={0}
            strokeMiterlimit={4}
            strokeOpacity={1}
            strokeWidth="1"
            x={0}
            y={0}
          />
        </RNSVGText>
      </RNSVGGroup>
      <RNSVGGroup
        fill={
          Array [
            0,
            0,
            0,
            0,
            1,
          ]
        }
        fillOpacity={1}
        fillRule={1}
        font={Object {}}
        matrix={
          Array [
            1,
            0,
            0,
            1,
            0,
            0,
          ]
        }
        opacity={1}
        originX={0}
        originY={0}
        propList={Array []}
        rotation={0}
        scaleX={1}
        scaleY={1}
        skewX={0}
        skewY={0}
        stroke={null}
        strokeDasharray={null}
        strokeDashoffset={null}
        strokeLinecap={0}
        strokeLinejoin={0}
        strokeMiterlimit={4}
        strokeOpacity={1}
        strokeWidth="1"
        x={0}
        y={0}
      >
        <RNSVGLine
          fill={null}
          fillOpacity={1}
          fillRule={1}
          matrix={
            Array [
              1,
              0,
              0,
              1,
              0,
              0,
            ]
          }
          opacity={1}
          originX={0}
          originY={0}
          propList={
            Array [
              "stroke",
              "strokeDasharray",
              "strokeLinecap",
              "strokeLinejoin",
              "fill",
            ]
          }
          rotation={0}
          scaleX={1}
          scaleY={1}
          skewX={0}
          skewY={0}
          stroke={
            Array [
              0,
              0.9254901960784314,
              0.9372549019607843,
              0.9450980392156862,
              1,
            ]
          }
          strokeDasharray={
            Array [
              "10",
              "5",
            ]
          }
          strokeDashoffset={0}
          strokeLinecap={1}
          strokeLinejoin={1}
          strokeMiterlimit={4}
          strokeOpacity={1}
          strokeWidth="1"
          x={0}
          x1="50"
          x2="700"
          y={0}
          y1="197.05882352941177"
          y2="197.05882352941177"
        />
        <RNSVGLine
          fill={
            Array [
              0,
              0,
              0,
              0,
              0,
            ]
          }
          fillOpacity={1}
          fillRule={1}
          matrix={
            Array [
              1,
              0,
              0,
              1,
              0,
              0,
            ]
          }
          opacity={1}
          originX={0}
          originY={0}
          propList={
            Array [
              "stroke",
              "strokeWidth",
              "strokeLinecap",
              "strokeLinejoin",
              "fill",
            ]
          }
          rotation={0}
          scaleX={1}
          scaleY={1}
          skewX={0}
          skewY={0}
          stroke={
            Array [
              0,
              0.5647058823529412,
              0.6431372549019608,
              0.6823529411764706,
              1,
            ]
          }
          strokeDasharray={null}
          strokeDashoffset={null}
          strokeLinecap={1}
          strokeLinejoin={1}
          strokeMiterlimit={4}
          strokeOpacity={1}
          strokeWidth="1"
          x={0}
          x1="50"
          x2="45"
          y={0}
          y1="197.05882352941177"
          y2="197.05882352941177"
        />
        <RNSVGText
          content={null}
          deltaX={
            Array [
              "0",
            ]
          }
          deltaY={
            Array [
              "4.26",
            ]
          }
          fill={
            Array [
              0,
              0,
              0,
              0,
              1,
            ]
          }
          fillOpacity={1}
          fillRule={1}
          font={Object {}}
          matrix={
            Array [
              1,
              0,
              0,
              1,
              0,
              0,
            ]
          }
          opacity={1}
          originX={0}
          originY={0}
          positionX={
            Array [
              "37",
            ]
          }
          positionY={
            Array [
              "197.05882352941177",
            ]
          }
          propList={Array []}
          rotate={Array []}
          rotation={0}
          scaleX={1}
          scaleY={1}
          skewX={0}
          skewY={0}
          stroke={null}
          strokeDasharray={null}
          strokeDashoffset={null}
          strokeLinecap={0}
          strokeLinejoin={0}
          strokeMiterlimit={4}
          strokeOpacity={1}
          strokeWidth="1"
          x={0}
          y={0}
        >
          <RNSVGTSpan
            content="3,000"
            deltaX={
              Array [
                "0",
              ]
            }
            deltaY={Array []}
            fill={
              Array [
                0,
                0.27058823529411763,
                0.35294117647058826,
                0.39215686274509803,
                1,
              ]
            }
            fillOpacity={1}
            fillRule={1}
            font={
              Object {
                "fontFamily": "Roboto",
                "fontSize": "12",
                "letterSpacing": "normal",
                "textAnchor": "end",
              }
            }
            matrix={
              Array [
                1,
                0,
                0,
                1,
                0,
                0,
              ]
            }
            opacity={1}
            originX={0}
            originY={0}
            positionX={
              Array [
                "37",
              ]
            }
            positionY={Array []}
            propList={
              Array [
                "fill",
              ]
            }
            rotate={Array []}
            rotation={0}
            scaleX={1}
            scaleY={1}
            skewX={0}
            skewY={0}
            stroke={null}
            strokeDasharray={null}
            strokeDashoffset={null}
            strokeLinecap={0}
            strokeLinejoin={0}
            strokeMiterlimit={4}
            strokeOpacity={1}
            strokeWidth="1"
            x={0}
            y={0}
          />
        </RNSVGText>
      </RNSVGGroup>
      <RNSVGGroup
        fill={
          Array [
            0,
            0,
            0,
            0,
            1,
          ]
        }
        fillOpacity={1}
        fillRule={1}
        font={Object {}}
        matrix={
          Array [
            1,
            0,
            0,
            1,
            0,
            0,
          ]
        }
        opacity={1}
        originX={0}
        originY={0}
        propList={Array []}
        rotation={0}
        scaleX={1}
        scaleY={1}
        skewX={0}
        skewY={0}
        stroke={null}
        strokeDasharray={null}
        strokeDashoffset={null}
        strokeLinecap={0}
        strokeLinejoin={0}
        strokeMiterlimit={4}
        strokeOpacity={1}
        strokeWidth="1"
        x={0}
        y={0}
      >
        <RNSVGLine
          fill={null}
          fillOpacity={1}
          fillRule={1}
          matrix={
            Array [
              1,
              0,
              0,
              1,
              0,
              0,
            ]
          }
          opacity={1}
          originX={0}
          originY={0}
          propList={
            Array [
              "stroke",
              "strokeDasharray",
              "strokeLinecap",
              "strokeLinejoin",
              "fill",
            ]
          }
          rotation={0}
          scaleX={1}
          scaleY={1}
          skewX={0}
          skewY={0}
          stroke={
            Array [
              0,
              0.9254901960784314,
              0.9372549019607843,
              0.9450980392156862,
              1,
            ]
          }
          strokeDasharray={
            Array [
              "10",
              "5",
            ]
          }
          strokeDashoffset={0}
          strokeLinecap={1}
          strokeLinejoin={1}
          strokeMiterlimit={4}
          strokeOpacity={1}
          strokeWidth="1"
          x={0}
          x1="50"
          x2="700"
          y={0}
          y1="148.03921568627453"
          y2="148.03921568627453"
        />
        <RNSVGLine
          fill={
            Array [
              0,
              0,
              0,
              0,
              0,
            ]
          }
          fillOpacity={1}
          fillRule={1}
          matrix={
            Array [
              1,
              0,
              0,
              1,
              0,
              0,
            ]
          }
          opacity={1}
          originX={0}
          originY={0}
          propList={
            Array [
              "stroke",
              "strokeWidth",
              "strokeLinecap",
              "strokeLinejoin",
              "fill",
            ]
          }
          rotation={0}
          scaleX={1}
          scaleY={1}
          skewX={0}
          skewY={0}
          stroke={
            Array [
              0,
              0.5647058823529412,
              0.6431372549019608,
              0.6823529411764706,
              1,
            ]
          }
          strokeDasharray={null}
          strokeDashoffset={null}
          strokeLinecap={1}
          strokeLinejoin={1}
          strokeMiterlimit={4}
          strokeOpacity={1}
          strokeWidth="1"
          x={0}
          x1="50"
          x2="45"
          y={0}
          y1="148.03921568627453"
          y2="148.03921568627453"
        />
        <RNSVGText
          content={null}
          deltaX={
            Array [
              "0",
            ]
          }
          deltaY={
            Array [
              "4.26",
            ]
          }
          fill={
            Array [
              0,
              0,
              0,
              0,
              1,
            ]
          }
          fillOpacity={1}
          fillRule={1}
          font={Object {}}
          matrix={
            Array [
              1,
              0,
              0,
              1,
              0,
              0,
            ]
          }
          opacity={1}
          originX={0}
          originY={0}
          positionX={
            Array [
              "37",
            ]
          }
          positionY={
            Array [
              "148.03921568627453",
            ]
          }
          propList={Array []}
          rotate={Array []}
          rotation={0}
          scaleX={1}
          scaleY={1}
          skewX={0}
          skewY={0}
          stroke={null}
          strokeDasharray={null}
          strokeDashoffset={null}
          strokeLinecap={0}
          strokeLinejoin={0}
          strokeMiterlimit={4}
          strokeOpacity={1}
          strokeWidth="1"
          x={0}
          y={0}
        >
          <RNSVGTSpan
            content="4,000"
            deltaX={
              Array [
                "0",
              ]
            }
            deltaY={Array []}
            fill={
              Array [
                0,
                0.27058823529411763,
                0.35294117647058826,
                0.39215686274509803,
                1,
              ]
            }
            fillOpacity={1}
            fillRule={1}
            font={
              Object {
                "fontFamily": "Roboto",
                "fontSize": "12",
                "letterSpacing": "normal",
                "textAnchor": "end",
              }
            }
            matrix={
              Array [
                1,
                0,
                0,
                1,
                0,
                0,
              ]
            }
            opacity={1}
            originX={0}
            originY={0}
            positionX={
              Array [
                "37",
              ]
            }
            positionY={Array []}
            propList={
              Array [
                "fill",
              ]
            }
            rotate={Array []}
            rotation={0}
            scaleX={1}
            scaleY={1}
            skewX={0}
            skewY={0}
            stroke={null}
            strokeDasharray={null}
            strokeDashoffset={null}
            strokeLinecap={0}
            strokeLinejoin={0}
            strokeMiterlimit={4}
            strokeOpacity={1}
            strokeWidth="1"
            x={0}
            y={0}
          />
        </RNSVGText>
      </RNSVGGroup>
      <RNSVGGroup
        fill={
          Array [
            0,
            0,
            0,
            0,
            1,
          ]
        }
        fillOpacity={1}
        fillRule={1}
        font={Object {}}
        matrix={
          Array [
            1,
            0,
            0,
            1,
            0,
            0,
          ]
        }
        opacity={1}
        originX={0}
        originY={0}
        propList={Array []}
        rotation={0}
        scaleX={1}
        scaleY={1}
        skewX={0}
        skewY={0}
        stroke={null}
        strokeDasharray={null}
        strokeDashoffset={null}
        strokeLinecap={0}
        strokeLinejoin={0}
        strokeMiterlimit={4}
        strokeOpacity={1}
        strokeWidth="1"
        x={0}
        y={0}
      >
        <RNSVGLine
          fill={null}
          fillOpacity={1}
          fillRule={1}
          matrix={
            Array [
              1,
              0,
              0,
              1,
              0,
              0,
            ]
          }
          opacity={1}
          originX={0}
          originY={0}
          propList={
            Array [
              "stroke",
              "strokeDasharray",
              "strokeLinecap",
              "strokeLinejoin",
              "fill",
            ]
          }
          rotation={0}
          scaleX={1}
          scaleY={1}
          skewX={0}
          skewY={0}
          stroke={
            Array [
              0,
              0.9254901960784314,
              0.9372549019607843,
              0.9450980392156862,
              1,
            ]
          }
          strokeDasharray={
            Array [
              "10",
              "5",
            ]
          }
          strokeDashoffset={0}
          strokeLinecap={1}
          strokeLinejoin={1}
          strokeMiterlimit={4}
          strokeOpacity={1}
          strokeWidth="1"
          x={0}
          x1="50"
          x2="700"
          y={0}
          y1="99.01960784313724"
          y2="99.01960784313724"
        />
        <RNSVGLine
          fill={
            Array [
              0,
              0,
              0,
              0,
              0,
            ]
          }
          fillOpacity={1}
          fillRule={1}
          matrix={
            Array [
              1,
              0,
              0,
              1,
              0,
              0,
            ]
          }
          opacity={1}
          originX={0}
          originY={0}
          propList={
            Array [
              "stroke",
              "strokeWidth",
              "strokeLinecap",
              "strokeLinejoin",
              "fill",
            ]
          }
          rotation={0}
          scaleX={1}
          scaleY={1}
          skewX={0}
          skewY={0}
          stroke={
            Array [
              0,
              0.5647058823529412,
              0.6431372549019608,
              0.6823529411764706,
              1,
            ]
          }
          strokeDasharray={null}
          strokeDashoffset={null}
          strokeLinecap={1}
          strokeLinejoin={1}
          strokeMiterlimit={4}
          strokeOpacity={1}
          strokeWidth="1"
          x={0}
          x1="50"
          x2="45"
          y={0}
          y1="99.01960784313724"
          y2="99.01960784313724"
        />
        <RNSVGText
          content={null}
          deltaX={
            Array [
              "0",
            ]
          }
          deltaY={
            Array [
              "4.26",
            ]
          }
          fill={
            Array [
              0,
              0,
              0,
              0,
              1,
            ]
          }
          fillOpacity={1}
          fillRule={1}
          font={Object {}}
          matrix={
            Array [
              1,
              0,
              0,
              1,
              0,
              0,
            ]
          }
          opacity={1}
          originX={0}
          originY={0}
          positionX={
            Array [
              "37",
            ]
          }
          positionY={
            Array [
              "99.01960784313724",
            ]
          }
          propList={Array []}
          rotate={Array []}
          rotation={0}
          scaleX={1}
          scaleY={1}
          skewX={0}
          skewY={0}
          stroke={null}
          strokeDasharray={null}
          strokeDashoffset={null}
          strokeLinecap={0}
          strokeLinejoin={0}
          strokeMiterlimit={4}
          strokeOpacity={1}
          strokeWidth="1"
          x={0}
          y={0}
        >
          <RNSVGTSpan
            content="5,000"
            deltaX={
              Array [
                "0",
              ]
            }
            deltaY={Array []}
            fill={
              Array [
                0,
                0.27058823529411763,
                0.35294117647058826,
                0.39215686274509803,
                1,
              ]
            }
            fillOpacity={1}
            fillRule={1}
            font={
              Object {
                "fontFamily": "Roboto",
                "fontSize": "12",
                "letterSpacing": "normal",
                "textAnchor": "end",
              }
            }
            matrix={
              Array [
                1,
                0,
                0,
                1,
                0,
                0,
              ]
            }
            opacity={1}
            originX={0}
            originY={0}
            positionX={
              Array [
                "37",
              ]
            }
            positionY={Array []}
            propList={
              Array [
                "fill",
              ]
            }
            rotate={Array []}
            rotation={0}
            scaleX={1}
            scaleY={1}
            skewX={0}
            skewY={0}
            stroke={null}
            strokeDasharray={null}
            strokeDashoffset={null}
            strokeLinecap={0}
            strokeLinejoin={0}
            strokeMiterlimit={4}
            strokeOpacity={1}
            strokeWidth="1"
            x={0}
            y={0}
          />
        </RNSVGText>
      </RNSVGGroup>
      <RNSVGGroup
        fill={
          Array [
            0,
            0,
            0,
            0,
            1,
          ]
        }
        fillOpacity={1}
        fillRule={1}
        font={Object {}}
        matrix={
          Array [
            1,
            0,
            0,
            1,
            0,
            0,
          ]
        }
        opacity={1}
        originX={0}
        originY={0}
        propList={Array []}
        rotation={0}
        scaleX={1}
        scaleY={1}
        skewX={0}
        skewY={0}
        stroke={null}
        strokeDasharray={null}
        strokeDashoffset={null}
        strokeLinecap={0}
        strokeLinejoin={0}
        strokeMiterlimit={4}
        strokeOpacity={1}
        strokeWidth="1"
        x={0}
        y={0}
      >
        <RNSVGLine
          fill={null}
          fillOpacity={1}
          fillRule={1}
          matrix={
            Array [
              1,
              0,
              0,
              1,
              0,
              0,
            ]
          }
          opacity={1}
          originX={0}
          originY={0}
          propList={
            Array [
              "stroke",
              "strokeDasharray",
              "strokeLinecap",
              "strokeLinejoin",
              "fill",
            ]
          }
          rotation={0}
          scaleX={1}
          scaleY={1}
          skewX={0}
          skewY={0}
          stroke={
            Array [
              0,
              0.9254901960784314,
              0.9372549019607843,
              0.9450980392156862,
              1,
            ]
          }
          strokeDasharray={
            Array [
              "10",
              "5",
            ]
          }
          strokeDashoffset={0}
          strokeLinecap={1}
          strokeLinejoin={1}
          strokeMiterlimit={4}
          strokeOpacity={1}
          strokeWidth="1"
          x={0}
          x1="50"
          x2="700"
          y={0}
          y1="50"
          y2="50"
        />
        <RNSVGLine
          fill={
            Array [
              0,
              0,
              0,
              0,
              0,
            ]
          }
          fillOpacity={1}
          fillRule={1}
          matrix={
            Array [
              1,
              0,
              0,
              1,
              0,
              0,
            ]
          }
          opacity={1}
          originX={0}
          originY={0}
          propList={
            Array [
              "stroke",
              "strokeWidth",
              "strokeLinecap",
              "strokeLinejoin",
              "fill",
            ]
          }
          rotation={0}
          scaleX={1}
          scaleY={1}
          skewX={0}
          skewY={0}
          stroke={
            Array [
              0,
              0.5647058823529412,
              0.6431372549019608,
              0.6823529411764706,
              1,
            ]
          }
          strokeDasharray={null}
          strokeDashoffset={null}
          strokeLinecap={1}
          strokeLinejoin={1}
          strokeMiterlimit={4}
          strokeOpacity={1}
          strokeWidth="1"
          x={0}
          x1="50"
          x2="45"
          y={0}
          y1="50"
          y2="50"
        />
        <RNSVGText
          content={null}
          deltaX={
            Array [
              "0",
            ]
          }
          deltaY={
            Array [
              "4.26",
            ]
          }
          fill={
            Array [
              0,
              0,
              0,
              0,
              1,
            ]
          }
          fillOpacity={1}
          fillRule={1}
          font={Object {}}
          matrix={
            Array [
              1,
              0,
              0,
              1,
              0,
              0,
            ]
          }
          opacity={1}
          originX={0}
          originY={0}
          positionX={
            Array [
              "37",
            ]
          }
          positionY={
            Array [
              "50",
            ]
          }
          propList={Array []}
          rotate={Array []}
          rotation={0}
          scaleX={1}
          scaleY={1}
          skewX={0}
          skewY={0}
          stroke={null}
          strokeDasharray={null}
          strokeDashoffset={null}
          strokeLinecap={0}
          strokeLinejoin={0}
          strokeMiterlimit={4}
          strokeOpacity={1}
          strokeWidth="1"
          x={0}
          y={0}
        >
          <RNSVGTSpan
            content="6,000"
            deltaX={
              Array [
                "0",
              ]
            }
            deltaY={Array []}
            fill={
              Array [
                0,
                0.27058823529411763,
                0.35294117647058826,
                0.39215686274509803,
                1,
              ]
            }
            fillOpacity={1}
            fillRule={1}
            font={
              Object {
                "fontFamily": "Roboto",
                "fontSize": "12",
                "letterSpacing": "normal",
                "textAnchor": "end",
              }
            }
            matrix={
              Array [
                1,
                0,
                0,
                1,
                0,
                0,
              ]
            }
            opacity={1}
            originX={0}
            originY={0}
            positionX={
              Array [
                "37",
              ]
            }
            positionY={Array []}
            propList={
              Array [
                "fill",
              ]
            }
            rotate={Array []}
            rotation={0}
            scaleX={1}
            scaleY={1}
            skewX={0}
            skewY={0}
            stroke={null}
            strokeDasharray={null}
            strokeDashoffset={null}
            strokeLinecap={0}
            strokeLinejoin={0}
            strokeMiterlimit={4}
            strokeOpacity={1}
            strokeWidth="1"
            x={0}
            y={0}
          />
        </RNSVGText>
      </RNSVGGroup>
    </RNSVGGroup>
  </RNSVGSvgView>
  <View
    pointerEvents="box-none"
    style={
      Object {
        "left": 0,
        "position": "absolute",
        "top": 0,
        "zIndex": 99,
      }
    }
    touchAction="box-none"
  >
    <RNSVGSvgView
      align="xMidYMid"
      meetOrSlice={0}
      minX={0}
      minY={0}
      style={
        Array [
          Object {
            "backgroundColor": "transparent",
          },
          Object {
            "height": "100%",
            "overflow": "visible",
            "width": "100%",
          },
          false,
          Object {
            "flex": 0,
            "height": 350,
            "width": 750,
          },
        ]
      }
      vbHeight={350}
      vbWidth={750}
    />
  </View>
</View>
`;
